------------------------------------------------------------
Timing Analyzer Summary
------------------------------------------------------------

Type  : Slow 1100mV 100C Model Setup 'i_clk'
Slack : -3.132
TNS   : -25.239

Type  : Slow 1100mV 100C Model Hold 'i_clk'
Slack : 0.239
TNS   : 0.000

Type  : Slow 1100mV 100C Model Recovery 'i_clk'
Slack : 15.980
TNS   : 0.000

Type  : Slow 1100mV 100C Model Removal 'i_clk'
Slack : 0.687
TNS   : 0.000

Type  : Slow 1100mV 100C Model Minimum Pulse Width 'i_clk'
Slack : 8.760
TNS   : 0.000

Type  : Slow 1100mV -40C Model Setup 'i_clk'
Slack : -2.854
TNS   : -18.926

Type  : Slow 1100mV -40C Model Hold 'i_clk'
Slack : 0.222
TNS   : 0.000

Type  : Slow 1100mV -40C Model Recovery 'i_clk'
Slack : 16.204
TNS   : 0.000

Type  : Slow 1100mV -40C Model Removal 'i_clk'
Slack : 0.662
TNS   : 0.000

Type  : Slow 1100mV -40C Model Minimum Pulse Width 'i_clk'
Slack : 8.821
TNS   : 0.000

Type  : Fast 1100mV 100C Model Setup 'i_clk'
Slack : 5.643
TNS   : 0.000

Type  : Fast 1100mV 100C Model Hold 'i_clk'
Slack : 0.129
TNS   : 0.000

Type  : Fast 1100mV 100C Model Recovery 'i_clk'
Slack : 17.594
TNS   : 0.000

Type  : Fast 1100mV 100C Model Removal 'i_clk'
Slack : 0.315
TNS   : 0.000

Type  : Fast 1100mV 100C Model Minimum Pulse Width 'i_clk'
Slack : 8.478
TNS   : 0.000

Type  : Fast 1100mV -40C Model Setup 'i_clk'
Slack : 6.828
TNS   : 0.000

Type  : Fast 1100mV -40C Model Hold 'i_clk'
Slack : 0.113
TNS   : 0.000

Type  : Fast 1100mV -40C Model Recovery 'i_clk'
Slack : 18.050
TNS   : 0.000

Type  : Fast 1100mV -40C Model Removal 'i_clk'
Slack : 0.274
TNS   : 0.000

Type  : Fast 1100mV -40C Model Minimum Pulse Width 'i_clk'
Slack : 8.409
TNS   : 0.000

------------------------------------------------------------
