------------------------------------------------------------
Timing Analyzer Summary
------------------------------------------------------------

Type  : Slow 1200mV 85C Model Setup 'clk'
Slack : -15.486
TNS   : -2321.319

Type  : Slow 1200mV 85C Model Setup 'cpuClock'
Slack : -13.708
TNS   : -3617.571

Type  : Slow 1200mV 85C Model Setup 'sdClock'
Slack : -7.179
TNS   : -732.254

Type  : Slow 1200mV 85C Model Setup 'T80s:cpu1|IORQ_n'
Slack : -5.853
TNS   : -342.115

Type  : Slow 1200mV 85C Model Setup 'serialClkCount[15]'
Slack : -4.805
TNS   : -189.696

Type  : Slow 1200mV 85C Model Hold 'T80s:cpu1|IORQ_n'
Slack : -0.411
TNS   : -9.715

Type  : Slow 1200mV 85C Model Hold 'serialClkCount[15]'
Slack : 0.400
TNS   : 0.000

Type  : Slow 1200mV 85C Model Hold 'clk'
Slack : 0.434
TNS   : 0.000

Type  : Slow 1200mV 85C Model Hold 'sdClock'
Slack : 0.435
TNS   : 0.000

Type  : Slow 1200mV 85C Model Hold 'cpuClock'
Slack : 0.437
TNS   : 0.000

Type  : Slow 1200mV 85C Model Recovery 'serialClkCount[15]'
Slack : -4.444
TNS   : -119.223

Type  : Slow 1200mV 85C Model Recovery 'T80s:cpu1|IORQ_n'
Slack : -1.746
TNS   : -8.010

Type  : Slow 1200mV 85C Model Recovery 'sdClock'
Slack : -1.018
TNS   : -8.707

Type  : Slow 1200mV 85C Model Removal 'T80s:cpu1|IORQ_n'
Slack : -0.236
TNS   : -0.472

Type  : Slow 1200mV 85C Model Removal 'sdClock'
Slack : 1.137
TNS   : 0.000

Type  : Slow 1200mV 85C Model Removal 'serialClkCount[15]'
Slack : 1.139
TNS   : 0.000

Type  : Slow 1200mV 85C Model Minimum Pulse Width 'clk'
Slack : -3.201
TNS   : -684.908

Type  : Slow 1200mV 85C Model Minimum Pulse Width 'T80s:cpu1|IORQ_n'
Slack : -3.201
TNS   : -496.251

Type  : Slow 1200mV 85C Model Minimum Pulse Width 'serialClkCount[15]'
Slack : -3.201
TNS   : -83.953

Type  : Slow 1200mV 85C Model Minimum Pulse Width 'cpuClock'
Slack : -1.487
TNS   : -514.502

Type  : Slow 1200mV 85C Model Minimum Pulse Width 'sdClock'
Slack : -1.487
TNS   : -258.738

Type  : Slow 1200mV 0C Model Setup 'clk'
Slack : -14.275
TNS   : -2152.320

Type  : Slow 1200mV 0C Model Setup 'cpuClock'
Slack : -12.815
TNS   : -3387.401

Type  : Slow 1200mV 0C Model Setup 'sdClock'
Slack : -6.610
TNS   : -674.414

Type  : Slow 1200mV 0C Model Setup 'T80s:cpu1|IORQ_n'
Slack : -5.568
TNS   : -317.760

Type  : Slow 1200mV 0C Model Setup 'serialClkCount[15]'
Slack : -4.535
TNS   : -178.273

Type  : Slow 1200mV 0C Model Hold 'T80s:cpu1|IORQ_n'
Slack : -0.431
TNS   : -11.369

Type  : Slow 1200mV 0C Model Hold 'serialClkCount[15]'
Slack : 0.369
TNS   : 0.000

Type  : Slow 1200mV 0C Model Hold 'clk'
Slack : 0.384
TNS   : 0.000

Type  : Slow 1200mV 0C Model Hold 'sdClock'
Slack : 0.384
TNS   : 0.000

Type  : Slow 1200mV 0C Model Hold 'cpuClock'
Slack : 0.385
TNS   : 0.000

Type  : Slow 1200mV 0C Model Recovery 'serialClkCount[15]'
Slack : -4.211
TNS   : -112.858

Type  : Slow 1200mV 0C Model Recovery 'T80s:cpu1|IORQ_n'
Slack : -1.646
TNS   : -7.177

Type  : Slow 1200mV 0C Model Recovery 'sdClock'
Slack : -0.819
TNS   : -6.906

Type  : Slow 1200mV 0C Model Removal 'T80s:cpu1|IORQ_n'
Slack : -0.219
TNS   : -0.438

Type  : Slow 1200mV 0C Model Removal 'sdClock'
Slack : 1.035
TNS   : 0.000

Type  : Slow 1200mV 0C Model Removal 'serialClkCount[15]'
Slack : 1.127
TNS   : 0.000

Type  : Slow 1200mV 0C Model Minimum Pulse Width 'clk'
Slack : -3.201
TNS   : -684.908

Type  : Slow 1200mV 0C Model Minimum Pulse Width 'T80s:cpu1|IORQ_n'
Slack : -3.201
TNS   : -476.474

Type  : Slow 1200mV 0C Model Minimum Pulse Width 'serialClkCount[15]'
Slack : -3.201
TNS   : -83.953

Type  : Slow 1200mV 0C Model Minimum Pulse Width 'cpuClock'
Slack : -1.487
TNS   : -514.502

Type  : Slow 1200mV 0C Model Minimum Pulse Width 'sdClock'
Slack : -1.487
TNS   : -258.738

Type  : Fast 1200mV 0C Model Setup 'clk'
Slack : -6.181
TNS   : -783.460

Type  : Fast 1200mV 0C Model Setup 'cpuClock'
Slack : -5.288
TNS   : -1380.387

Type  : Fast 1200mV 0C Model Setup 'sdClock'
Slack : -2.913
TNS   : -248.948

Type  : Fast 1200mV 0C Model Setup 'T80s:cpu1|IORQ_n'
Slack : -2.129
TNS   : -117.259

Type  : Fast 1200mV 0C Model Setup 'serialClkCount[15]'
Slack : -1.768
TNS   : -55.033

Type  : Fast 1200mV 0C Model Hold 'T80s:cpu1|IORQ_n'
Slack : -0.086
TNS   : -0.568

Type  : Fast 1200mV 0C Model Hold 'serialClkCount[15]'
Slack : 0.158
TNS   : 0.000

Type  : Fast 1200mV 0C Model Hold 'clk'
Slack : 0.179
TNS   : 0.000

Type  : Fast 1200mV 0C Model Hold 'cpuClock'
Slack : 0.179
TNS   : 0.000

Type  : Fast 1200mV 0C Model Hold 'sdClock'
Slack : 0.179
TNS   : 0.000

Type  : Fast 1200mV 0C Model Recovery 'serialClkCount[15]'
Slack : -1.613
TNS   : -42.327

Type  : Fast 1200mV 0C Model Recovery 'T80s:cpu1|IORQ_n'
Slack : -0.506
TNS   : -2.368

Type  : Fast 1200mV 0C Model Recovery 'sdClock'
Slack : 0.084
TNS   : 0.000

Type  : Fast 1200mV 0C Model Removal 'T80s:cpu1|IORQ_n'
Slack : 0.025
TNS   : 0.000

Type  : Fast 1200mV 0C Model Removal 'serialClkCount[15]'
Slack : 0.316
TNS   : 0.000

Type  : Fast 1200mV 0C Model Removal 'sdClock'
Slack : 0.509
TNS   : 0.000

Type  : Fast 1200mV 0C Model Minimum Pulse Width 'clk'
Slack : -3.000
TNS   : -548.004

Type  : Fast 1200mV 0C Model Minimum Pulse Width 'cpuClock'
Slack : -1.000
TNS   : -346.000

Type  : Fast 1200mV 0C Model Minimum Pulse Width 'T80s:cpu1|IORQ_n'
Slack : -1.000
TNS   : -200.229

Type  : Fast 1200mV 0C Model Minimum Pulse Width 'sdClock'
Slack : -1.000
TNS   : -174.000

Type  : Fast 1200mV 0C Model Minimum Pulse Width 'serialClkCount[15]'
Slack : -1.000
TNS   : -53.000

------------------------------------------------------------
